// Jest Snapshot v1, https://goo.gl/fbAQLP

exports[`CreatePoll Component CreatePoll will render 1`] = `
Object {
  "asFragment": [Function],
  "baseElement": <body>
    <div>
      <div>
        <h1
          class="d-flex justify-content-center"
        >
          Would You Rather
        </h1>
        <h2
          class="d-flex justify-content-center"
        >
          Create Your Own Poll?
        </h2>
        <form
          class="needs-validation"
          novalidate=""
        >
          <div
            class="Toastify"
          />
          <div
            class="form-row"
          >
            <div
              class="col-md mb-3"
            >
              <label
                for="optionOne"
              >
                First Option
              </label>
              <input
                class="form-control "
                data-testid="optionOne"
                id="optionOne"
                name="optionOne"
                type="text"
                value=""
              />
            </div>
          </div>
          <div
            class="form-row"
          >
            <div
              class="col-md mb-3"
            >
              <label
                for="optionTwo"
              >
                Second Option
              </label>
              <input
                class="form-control "
                data-testid="optionTwo"
                id="optionTwo"
                name="optionTwo"
                type="text"
                value=""
              />
            </div>
          </div>
          <div
            class="d-flex justify-content-center mt-3"
          >
            <button
              class="btn btn-primary"
              data-testid="submit"
              type="submit"
            >
               Submit 
            </button>
          </div>
        </form>
      </div>
    </div>
  </body>,
  "container": <div>
    <div>
      <h1
        class="d-flex justify-content-center"
      >
        Would You Rather
      </h1>
      <h2
        class="d-flex justify-content-center"
      >
        Create Your Own Poll?
      </h2>
      <form
        class="needs-validation"
        novalidate=""
      >
        <div
          class="Toastify"
        />
        <div
          class="form-row"
        >
          <div
            class="col-md mb-3"
          >
            <label
              for="optionOne"
            >
              First Option
            </label>
            <input
              class="form-control "
              data-testid="optionOne"
              id="optionOne"
              name="optionOne"
              type="text"
              value=""
            />
          </div>
        </div>
        <div
          class="form-row"
        >
          <div
            class="col-md mb-3"
          >
            <label
              for="optionTwo"
            >
              Second Option
            </label>
            <input
              class="form-control "
              data-testid="optionTwo"
              id="optionTwo"
              name="optionTwo"
              type="text"
              value=""
            />
          </div>
        </div>
        <div
          class="d-flex justify-content-center mt-3"
        >
          <button
            class="btn btn-primary"
            data-testid="submit"
            type="submit"
          >
             Submit 
          </button>
        </div>
      </form>
    </div>
  </div>,
  "debug": [Function],
  "findAllByAltText": [Function],
  "findAllByDisplayValue": [Function],
  "findAllByLabelText": [Function],
  "findAllByPlaceholderText": [Function],
  "findAllByRole": [Function],
  "findAllByTestId": [Function],
  "findAllByText": [Function],
  "findAllByTitle": [Function],
  "findByAltText": [Function],
  "findByDisplayValue": [Function],
  "findByLabelText": [Function],
  "findByPlaceholderText": [Function],
  "findByRole": [Function],
  "findByTestId": [Function],
  "findByText": [Function],
  "findByTitle": [Function],
  "getAllByAltText": [Function],
  "getAllByDisplayValue": [Function],
  "getAllByLabelText": [Function],
  "getAllByPlaceholderText": [Function],
  "getAllByRole": [Function],
  "getAllByTestId": [Function],
  "getAllByText": [Function],
  "getAllByTitle": [Function],
  "getByAltText": [Function],
  "getByDisplayValue": [Function],
  "getByLabelText": [Function],
  "getByPlaceholderText": [Function],
  "getByRole": [Function],
  "getByTestId": [Function],
  "getByText": [Function],
  "getByTitle": [Function],
  "queryAllByAltText": [Function],
  "queryAllByDisplayValue": [Function],
  "queryAllByLabelText": [Function],
  "queryAllByPlaceholderText": [Function],
  "queryAllByRole": [Function],
  "queryAllByTestId": [Function],
  "queryAllByText": [Function],
  "queryAllByTitle": [Function],
  "queryByAltText": [Function],
  "queryByDisplayValue": [Function],
  "queryByLabelText": [Function],
  "queryByPlaceholderText": [Function],
  "queryByRole": [Function],
  "queryByTestId": [Function],
  "queryByText": [Function],
  "queryByTitle": [Function],
  "rerender": [Function],
  "unmount": [Function],
}
`;
